Welcome to Quirkle!
-------------------
Menu
----
1. New Game
2. Load Game
3. Credits
4. Quit
----------------------------------
Name: Matthew Pike
Student Number: s3865305
Email Address: s3865305@student.rmit.edu.au

Name: Rohan Poorun
Student Number: s3843078
Email Address: s3843078@student.rmit.edu.au

Name: Antigony Haikalis
Student Number: s3840637
Email Address: s3840637@student.rmit.edu.au

Name: Andy Ho Ming Moy
Student Number: s3842349
Email Address: s3842349@student.rmit.edu.au
----------------------------------
Welcome to Quirkle!
-------------------
Menu
----
1. New Game
2. Load Game
3. Credits
4. Quit
Goodbye
